DEBUG   Starting new HTTPS connection (1): docs.google.com:443
DEBUG   https://docs.google.com:443 "GET /spreadsheets/d/e/2PACX-1vTSwmVSPJRHEhczKBKMoy2qM5V45fqKzJTxdygsppLrj-Q8Gx9LpJXg4BA3biaue5UqAqzVWTGEq5Uk/pub?gid=586376452&single=true&output=csv HTTP/1.1" 307 0
DEBUG   Starting new HTTPS connection (1): doc-0o-ac-sheets.googleusercontent.com:443
DEBUG   https://doc-0o-ac-sheets.googleusercontent.com:443 "GET /pub/f3kk9gtum31ktuqh54kn7i1e14/b98kba2a3ctaun0h73r6otb5c8/1791573225000/106988978502055668691/*/e@2PACX-1vTSwmVSPJRHEhczKBKMoy2qM5V45fqKzJTxdygsppLrj-Q8Gx9LpJXg4BA3biaue5UqAqzVWTGEq5Uk?gid=586376452&single=true&output=csv HTTP/1.1" 200 None
INFO    loaded 42 companies from the live sheet
INFO    company list: live Google Sheet (OpCo tab)
DEBUG   Starting new HTTPS connection (1): jobs.dayforcehcm.com:443
DEBUG   https://jobs.dayforcehcm.com:443 "GET /api/auth/csrf HTTP/1.1" 200 None
DEBUG   https://jobs.dayforcehcm.com:443 "POST /api/geo/abhi/jobposting/search HTTP/1.1" 200 None
INFO    [ 1/42] Alexander & Baldwin                dayforce    ok          3/0
DEBUG   Starting new HTTPS connection (1): recruiting2.ultipro.com:443
DEBUG   https://recruiting2.ultipro.com:443 "POST /LAM1000LAC/JobBoard/82898216-ca7a-4621-b01b-bf3410c919b2/JobBoardView/LoadSearchResults HTTP/1.1" 200 None
DEBUG   https://recruiting2.ultipro.com:443 "POST /LAM1000LAC/JobBoard/82898216-ca7a-4621-b01b-bf3410c919b2/JobBoardView/LoadSearchResults HTTP/1.1" 200 None
DEBUG   https://recruiting2.ultipro.com:443 "POST /LAM1000LAC/JobBoard/82898216-ca7a-4621-b01b-bf3410c919b2/JobBoardView/LoadSearchResults HTTP/1.1" 200 None
INFO    [ 2/42] Lamar Advertising Company          ukg         ok          102/33
DEBUG   Starting new HTTPS connection (1): eprproperties.bamboohr.com:443
DEBUG   https://eprproperties.bamboohr.com:443 "GET /careers/list HTTP/1.1" 200 None
INFO    [ 3/42] EPR Properties                     bamboohr    ok          1/0
DEBUG   Starting new HTTPS connection (1): apply.workable.com:443
DEBUG   https://apply.workable.com:443 "GET /api/v1/widget/accounts/belong-6 HTTP/1.1" 200 685
INFO    [ 4/42] Belong                             workable    ok          5/1
DEBUG   Starting new HTTPS connection (1): wework.wd1.myworkdayjobs.com:443
DEBUG   https://wework.wd1.myworkdayjobs.com:443 "POST /wday/cxs/wework/WeWork/jobs HTTP/1.1" 200 None
DEBUG   https://wework.wd1.myworkdayjobs.com:443 "POST /wday/cxs/wework/WeWork/jobs HTTP/1.1" 200 None
DEBUG   https://wework.wd1.myworkdayjobs.com:443 "POST /wday/cxs/wework/WeWork/jobs HTTP/1.1" 200 None
DEBUG   https://wework.wd1.myworkdayjobs.com:443 "POST /wday/cxs/wework/WeWork/jobs HTTP/1.1" 200 None
INFO    [ 5/42] WeWork                             workday     ok          67/4
INFO    [ 6/42] NARPM (National Association of Res -           needs-link  0/0
INFO    [ 7/42] Evergreen Live                     -           needs-link  0/0
DEBUG   Starting new HTTPS connection (1): www.caseandassociates.com:443
DEBUG   https://www.caseandassociates.com:443 "GET /careers HTTP/1.1" 200 1090
DEBUG   Using selector: EpollSelector
INFO    [ 8/42] Case & Associates                  page        needs-link  0/0
DEBUG   Starting new HTTPS connection (1): oakbrookcorp.isolvedhire.com:443
DEBUG   https://oakbrookcorp.isolvedhire.com:443 "GET /jobs/ HTTP/1.1" 503 1576
DEBUG   https://oakbrookcorp.isolvedhire.com:443 "GET /jobs/ HTTP/1.1" 503 1576
DEBUG   https://oakbrookcorp.isolvedhire.com:443 "GET /jobs/ HTTP/1.1" 503 1576
INFO    [ 9/42] Oakbrook Corporation               isolved     needs-link  0/0
DEBUG   Starting new HTTPS connection (1): livebh.com:443
DEBUG   https://livebh.com:443 "GET /careers/job-search/ HTTP/1.1" 200 None
DEBUG   Starting new HTTPS connection (1): pretiumenterpriseservices.wd1.myworkdayjobs.com:443
DEBUG   https://pretiumenterpriseservices.wd1.myworkdayjobs.com:443 "POST /wday/cxs/pretiumenterpriseservices/livebhcareers/jobs HTTP/1.1" 200 None
DEBUG   https://pretiumenterpriseservices.wd1.myworkdayjobs.com:443 "POST /wday/cxs/pretiumenterpriseservices/livebhcareers/jobs HTTP/1.1" 200 None
DEBUG   https://pretiumenterpriseservices.wd1.myworkdayjobs.com:443 "POST /wday/cxs/pretiumenterpriseservices/livebhcareers/jobs HTTP/1.1" 200 None
DEBUG   https://pretiumenterpriseservices.wd1.myworkdayjobs.com:443 "POST /wday/cxs/pretiumenterpriseservices/livebhcareers/jobs HTTP/1.1" 200 None
DEBUG   https://pretiumenterpriseservices.wd1.myworkdayjobs.com:443 "POST /wday/cxs/pretiumenterpriseservices/livebhcareers/jobs HTTP/1.1" 200 None
DEBUG   https://pretiumenterpriseservices.wd1.myworkdayjobs.com:443 "POST /wday/cxs/pretiumenterpriseservices/livebhcareers/jobs HTTP/1.1" 200 None
DEBUG   https://pretiumenterpriseservices.wd1.myworkdayjobs.com:443 "POST /wday/cxs/pretiumenterpriseservices/livebhcareers/jobs HTTP/1.1" 200 None
DEBUG   https://pretiumenterpriseservices.wd1.myworkdayjobs.com:443 "POST /wday/cxs/pretiumenterpriseservices/livebhcareers/jobs HTTP/1.1" 200 None
INFO    [10/42] BH Management Services             page        ok          155/1
DEBUG   Starting new HTTPS connection (1): www.atriaseniorliving.com:443
DEBUG   https://www.atriaseniorliving.com:443 "GET /careers HTTP/1.1" 302 92
DEBUG   https://www.atriaseniorliving.com:443 "GET /error HTTP/1.1" 200 61642
INFO    [11/42] Atria Senior Living                page        needs-link  0/0
DEBUG   Starting new HTTPS connection (1): www.picerne.com:443
DEBUG   https://www.picerne.com:443 "GET /careers HTTP/1.1" 200 None
DEBUG   Encoding detection: utf_8 is most likely the one.
DEBUG   Starting new HTTPS connection (1): picerne.applytojob.com:443
DEBUG   https://picerne.applytojob.com:443 "GET /apply/ HTTP/1.1" 200 None
INFO    [12/42] Picerne Real Estate Group          page        ok          29/0
DEBUG   Starting new HTTPS connection (1): lundco.com:443
DEBUG   https://lundco.com:443 "GET /join-our-team/ HTTP/1.1" 200 None
INFO    [13/42] The Lund Company                   page        ok          1/0
DEBUG   Starting new HTTPS connection (1): www.tamarackproperty.com:443
DEBUG   Starting new HTTPS connection (2): www.tamarackproperty.com:443
DEBUG   Starting new HTTPS connection (3): www.tamarackproperty.com:443
DEBUG   https://www.tamarackproperty.com:443 "GET /careers HTTP/1.1" 302 0
DEBUG   Starting new HTTPS connection (1): www.hugedomains.com:443
DEBUG   https://www.hugedomains.com:443 "GET /domain_profile.cfm?d=tamarackproperty.com HTTP/1.1" 200 None
INFO    [14/42] Tamarack Property Management       page        needs-link  0/0
DEBUG   Starting new HTTPS connection (1): jacksonholeproperties.net:443
DEBUG   https://jacksonholeproperties.net:443 "GET /careers HTTP/1.1" 404 355
INFO    [15/42] Mountain Property Management       page        needs-link  0/0
DEBUG   Starting new HTTPS connection (1): www.redstonevt.com:443
DEBUG   https://www.redstonevt.com:443 "GET /careers HTTP/1.1" 301 None
DEBUG   Starting new HTTPS connection (1): recruiting.paylocity.com:443
DEBUG   https://recruiting.paylocity.com:443 "GET /recruiting/jobs/All/48034f13-35cd-42bc-a80e-1480b6ae5d26/CATAMOUNT-COMMERCIAL-SERVICES HTTP/1.1" 200 9685
DEBUG   https://recruiting.paylocity.com:443 "GET /recruiting/jobs/All/48034f13-35cd-42bc-a80e-1480b6ae5d26 HTTP/1.1" 200 9673
INFO    [16/42] Redstone                           page        ok          3/0
DEBUG   Starting new HTTPS connection (1): jobs.doorstead.com:443
DEBUG   https://jobs.doorstead.com:443 "GET /?_gl=1*1eutnse*_gcl_au*MTI1MTQ3NTIzMC4xNzkxMzE1NzYx*_ga*NTAwNTE0ODI1LjE3OTEzMTU3NjE.*_ga_3D97ER7HGT*czE3OTEzMTU3NjEkbzEkZzAkdDE3OTEzMTU3NjEkajYwJGwwJGgw HTTP/1.1" 200 None
DEBUG   https://jobs.doorstead.com:443 "GET /json HTTP/1.1" 200 None
INFO    [17/42] Doorstead                          page        ok          95/0
DEBUG   Starting new HTTPS connection (1): www.mynd.co:443
DEBUG   https://www.mynd.co:443 "GET /talent-and-culture HTTP/1.1" 200 None
DEBUG   Starting new HTTPS connection (1): boards-api.greenhouse.io:443
DEBUG   https://boards-api.greenhouse.io:443 "GET /v1/boards/mynd/jobs?content=false HTTP/1.1" 404 38
DEBUG   https://boards-api.greenhouse.io:443 "GET /v1/boards/roofstock/jobs?content=false HTTP/1.1" 200 None
INFO    [18/42] Mynd                               page        ok          7/0
DEBUG   Starting new HTTPS connection (1): www.industriousoffice.com:443
DEBUG   https://www.industriousoffice.com:443 "GET /careers HTTP/1.1" 200 None
DEBUG   Starting new HTTPS connection (1): api.ashbyhq.com:443
DEBUG   https://api.ashbyhq.com:443 "GET /posting-api/job-board/industrious?includeCompensation=false HTTP/1.1" 200 None
INFO    [19/42] Industrious                        page        ok          61/4
DEBUG   Starting new HTTPS connection (1): northpointam.com:443
DEBUG   https://northpointam.com:443 "GET /careers HTTP/1.1" 200 None
INFO    [20/42] Northpoint Asset Manamgement       page        needs-link  0/0
DEBUG   Starting new HTTPS connection (1): realatlas.com:443
DEBUG   https://realatlas.com:443 "GET /careers/ HTTP/1.1" 403 None
DEBUG   https://recruiting.paylocity.com:443 "GET /recruiting/jobs/All/5e5fc082-a90b-4d93-8b73-46f77d40e081 HTTP/1.1" 200 11391
INFO    [21/42] Atlas Real Estate                  page        ok          16/3
DEBUG   Starting new HTTPS connection (1): www.evernest.co:443
DEBUG   https://www.evernest.co:443 "GET /careers HTTP/1.1" 200 None
DEBUG   Starting new HTTPS connection (1): api.lever.co:443
DEBUG   https://api.lever.co:443 "GET /v0/postings/evernest?mode=json HTTP/1.1" 200 368749
INFO    [22/42] Evernest Property Management       page        ok          15/0
DEBUG   Starting new HTTPS connection (1): purehomeriver.com:443
DEBUG   https://purehomeriver.com:443 "GET /company/careers/ HTTP/1.1" 200 None
DEBUG   Starting new HTTPS connection (1): workforcenow.adp.com:443
DEBUG   https://workforcenow.adp.com:443 "GET /mascsr/default/careercenter/public/events/staffing/v1/job-requisitions?cid=eea42ed6-3dcf-47f3-b99b-29a304948b2b&ccId=9200441095595_2&lang=en_US&locale=en_US&$top=20&$skip=1 HTTP/1.1" 200 None
INFO    [23/42] PURE Homeriver Group               page        ok          8/0
DEBUG   Starting new HTTPS connection (1): www.rhomepm.com:443
DEBUG   https://www.rhomepm.com:443 "GET /employment HTTP/1.1" 200 None
INFO    [24/42] Rhome Property Management          page        needs-link  0/0
DEBUG   Starting new HTTPS connection (1): keyrenter.com:443
DEBUG   https://keyrenter.com:443 "GET / HTTP/1.1" 403 None
INFO    [25/42] Key Renter Property Managment      page        needs-link  0/0
DEBUG   Starting new HTTPS connection (1): www.propertymanagementinc.com:443
DEBUG   https://www.propertymanagementinc.com:443 "GET /careers HTTP/1.1" 200 None
INFO    [26/42] PMI                                page        ok          24/5
DEBUG   Starting new HTTPS connection (1): jobs.realpropertymgt.com:443
DEBUG   https://jobs.realpropertymgt.com:443 "GET /jobs HTTP/1.1" 200 87276
DEBUG   https://jobs.realpropertymgt.com:443 "GET /jobs/page/2 HTTP/1.1" 200 86170
DEBUG   https://jobs.realpropertymgt.com:443 "GET /jobs/page/3 HTTP/1.1" 200 87254
DEBUG   https://jobs.realpropertymgt.com:443 "GET /jobs/page/4 HTTP/1.1" 200 87885
DEBUG   https://jobs.realpropertymgt.com:443 "GET /jobs/page/5 HTTP/1.1" 200 76625
INFO    [27/42] Real Property Management           page        ok          47/2
DEBUG   Starting new HTTPS connection (1): www.renterswarehouse.com:443
DEBUG   https://www.renterswarehouse.com:443 "GET /careers HTTP/1.1" 200 None
DEBUG   https://workforcenow.adp.com:443 "GET /mascsr/default/careercenter/public/events/staffing/v1/job-requisitions?cid=0b4acaac-5cd6-4597-9e3b-0cc4e2eba1da&lang=en_US&locale=en_US&$top=20&$skip=1 HTTP/1.1" 200 None
INFO    [28/42] Renters Warehouse                  page        ok          13/2
DEBUG   Starting new HTTPS connection (1): evergreenresi.com:443
DEBUG   https://evergreenresi.com:443 "GET /careers/openings/ HTTP/1.1" 200 None
DEBUG   Starting new HTTPS connection (1): boards-api.greenhouse.io:443
DEBUG   https://boards-api.greenhouse.io:443 "GET /v1/boards/evergreenresidentialemployeeservicescorp/jobs?content=false HTTP/1.1" 200 None
INFO    [29/42] Evergreen Residential              page        ok          42/2
DEBUG   Starting new HTTPS connection (1): www.flockhomes.com:443
DEBUG   https://www.flockhomes.com:443 "GET /careers HTTP/1.1" 301 0
DEBUG   Starting new HTTPS connection (1): flockhomes.com:443
DEBUG   https://flockhomes.com:443 "GET /careers HTTP/1.1" 200 None
DEBUG   https://boards-api.greenhouse.io:443 "GET /v1/boards/flockhomes/jobs?content=false HTTP/1.1" 200 None
INFO    [30/42] Flock Homes                        page        ok          2/1
DEBUG   Starting new HTTPS connection (1): www.divvyhomes.com:443
DEBUG   https://www.divvyhomes.com:443 "GET /careers HTTP/1.1" 200 None
DEBUG   https://boards-api.greenhouse.io:443 "GET /v1/boards/divvyhomes/jobs?content=false HTTP/1.1" 404 38
INFO    [31/42] Divvy Homes                        page        needs-link  0/0
DEBUG   Starting new HTTPS connection (1): www.kasa.com:443
DEBUG   https://www.kasa.com:443 "GET /careers HTTP/1.1" 301 39
DEBUG   Starting new HTTPS connection (1): kasa.com:443
DEBUG   https://kasa.com:443 "GET /careers HTTP/1.1" 200 None
DEBUG   https://boards-api.greenhouse.io:443 "GET /v1/boards/kasa/jobs?content=false HTTP/1.1" 200 None
INFO    [32/42] Kasa Living                        page        ok          16/5
DEBUG   Starting new HTTPS connection (1): www.medicalpropertiestrust.com:443
DEBUG   https://www.medicalpropertiestrust.com:443 "GET /careers HTTP/1.1" 200 None
INFO    [33/42] Medical Properties Trust           page        ok          3/0
DEBUG   Starting new HTTPS connection (1): careers.uniti.com:443
DEBUG   https://careers.uniti.com:443 "GET / HTTP/1.1" 200 None
INFO    [34/42] Uniti Group                        page        ok          173/67
DEBUG   Starting new HTTPS connection (1): www.starwoodcapital.com:443
DEBUG   https://www.starwoodcapital.com:443 "GET /careers HTTP/1.1" 301 None
DEBUG   https://www.starwoodcapital.com:443 "GET /careers/ HTTP/1.1" 200 None
DEBUG   https://www.starwoodcapital.com:443 "GET /careers/open-positions/ HTTP/1.1" 200 None
DEBUG   Starting new HTTPS connection (1): jobs.jobvite.com:443
DEBUG   https://jobs.jobvite.com:443 "GET /starwoodcapitalgroup/jobs HTTP/1.1" 200 None
INFO    [35/42] Starwood Property Trust            page        ok          10/2
DEBUG   Starting new HTTPS connection (1): www.kiterealty.com:443
DEBUG   https://www.kiterealty.com:443 "GET /careers HTTP/1.1" 301 237
DEBUG   Starting new HTTP connection (1): kiterealty.com:80
DEBUG   Resetting dropped connection: www.kiterealty.com
DEBUG   https://www.kiterealty.com:443 "GET /careers HTTP/1.1" 301 237
DEBUG   Starting new HTTP connection (2): kiterealty.com:80
DEBUG   Resetting dropped connection: www.kiterealty.com
DEBUG   https://www.kiterealty.com:443 "GET /careers HTTP/1.1" 301 237
DEBUG   Starting new HTTP connection (3): kiterealty.com:80
INFO    [36/42] Kite Realty Group Trust            page        needs-link  0/0
DEBUG   Starting new HTTPS connection (1): phx.us-west.paycomonline.net:443
DEBUG   https://phx.us-west.paycomonline.net:443 "GET /v4/ats/web.php/portal/FF95F1D079994D46C22FCB801D0A2C8F/career-page HTTP/1.1" 200 None
INFO    [37/42] EastGroup Properties               paycom      ok          2/0
DEBUG   Starting new HTTPS connection (1): www.rhoresidential.com:443
DEBUG   https://www.rhoresidential.com:443 "GET /careers/ HTTP/1.1" 200 None
DEBUG   Starting new HTTPS connection (1): workforcenow.adp.com:443
DEBUG   https://workforcenow.adp.com:443 "GET /mascsr/default/careercenter/public/events/staffing/v1/job-requisitions?cid=28860e2c-1615-47c9-9444-c35ba9f7d7d1&ccId=19000101_000003&lang=en_US&locale=en_US&$top=20&$skip=1 HTTP/1.1" 200 None
INFO    [38/42] Veris Residential                  page        ok          19/0
DEBUG   Starting new HTTPS connection (1): www.highwoods.com:443
DEBUG   https://www.highwoods.com:443 "GET /careers HTTP/1.1" 200 16525
DEBUG   Starting new HTTPS connection (1): recruiting.ultipro.com:443
DEBUG   https://recruiting.ultipro.com:443 "POST /HIG1001HIW/JobBoard/cf2a3a89-ceb7-4bb7-aa13-3167c6417621/JobBoardView/LoadSearchResults HTTP/1.1" 200 None
INFO    [39/42] Highwoods Properties               page        ok          5/0
DEBUG   Starting new HTTPS connection (1): jobs.greystar.com:443
DEBUG   https://jobs.greystar.com:443 "GET / HTTP/1.1" 200 19136
INFO    [40/42] Greystar                           page        ok          3/0
DEBUG   Starting new HTTPS connection (1): www.easterlyre.com:443
DEBUG   Starting new HTTPS connection (2): www.easterlyre.com:443
DEBUG   Starting new HTTPS connection (3): www.easterlyre.com:443
INFO    [41/42] Easterly Government Properties     page        needs-link  0/0
DEBUG   Starting new HTTPS connection (1): www.cohenesrey.com:443
DEBUG   https://www.cohenesrey.com:443 "GET /careers.html HTTP/1.1" 200 22060
INFO    [42/42] Cohen-Esrey Communities            page        needs-link  0/0
INFO    headless browser: 30 pages opened, 208s
INFO    
INFO    28/42 companies read cleanly -> /home/runner/work/syndeo-jobsearch/syndeo-jobsearch/out/opco-jobs-2026-10-09.md
